// Jest Snapshot v1, https://goo.gl/fbAQLP

exports[`JournalScreen renders correctly and matches snapshot 1`] = `
<RCTSafeAreaView
  style={
    {
      "backgroundColor": "#03174C",
      "flex": 1,
      "overflow": "hidden",
    }
  }
>
  <View
    onLayout={[Function]}
    style={
      {
        "alignItems": "center",
        "color": "#03174C",
        "flex": 1,
        "fontFamily": "Poppins_400Regular",
        "justifyContent": "center",
        "marginHorizontal": 39,
        "marginVertical": 39,
      }
    }
  >
    <RCTScrollView
      contentContainerStyle={
        {
          "paddingBottom": 157,
        }
      }
    >
      <View>
        <View
          style={
            {
              "alignItems": "center",
              "flexDirection": "row",
              "justifyContent": "space-between",
              "marginBottom": 20,
              "width": "100%",
            }
          }
        >
          <View
            style={
              {
                "height": 69,
                "width": 69,
              }
            }
          />
          <Text
            style={
              [
                {
                  "fontFamily": "Poppins_400Regular",
                },
                {
                  "color": "#FFFFFF",
                  "fontSize": 39,
                },
              ]
            }
          >
            Journal
          </Text>
          <View
            accessibilityState={
              {
                "busy": undefined,
                "checked": undefined,
                "disabled": undefined,
                "expanded": undefined,
                "selected": undefined,
              }
            }
            accessibilityValue={
              {
                "max": undefined,
                "min": undefined,
                "now": undefined,
                "text": undefined,
              }
            }
            accessible={true}
            collapsable={false}
            focusable={true}
            onClick={[Function]}
            onResponderGrant={[Function]}
            onResponderMove={[Function]}
            onResponderRelease={[Function]}
            onResponderTerminate={[Function]}
            onResponderTerminationRequest={[Function]}
            onStartShouldSetResponder={[Function]}
            style={
              {
                "height": 69,
                "opacity": 1,
                "width": 69,
              }
            }
            testID="profile-avatar"
          >
            <Image
              source={
                {
                  "uri": "https://placehold.co/100x100.png",
                }
              }
              style={
                [
                  {
                    "borderRadius": 98,
                  },
                  {
                    "height": 69,
                    "width": 69,
                  },
                ]
              }
            />
          </View>
        </View>
        <View
          style={
            {
              "marginVertical": 20,
            }
          }
        >
          <TextInput
            onChangeText={[Function]}
            placeholder="Search..."
            style={
              [
                {
                  "backgroundColor": "#EBEAEC",
                  "borderRadius": 20,
                  "fontFamily": "Poppins_400Regular",
                  "fontSize": 26.400000000000002,
                  "padding": 31,
                },
              ]
            }
            value=""
          />
        </View>
        <View>
          <View
            style={
              {
                "alignItems": "center",
                "flexDirection": "row",
                "justifyContent": "space-between",
                "marginVertical": 29,
              }
            }
          >
            <Text
              style={
                [
                  {
                    "fontFamily": "Poppins_600SemiBold",
                  },
                  {
                    "color": "#FFFFFF",
                    "fontSize": 31,
                  },
                ]
              }
            >
              Browse by Journals
            </Text>
            <View
              accessibilityState={
                {
                  "busy": undefined,
                  "checked": undefined,
                  "disabled": undefined,
                  "expanded": undefined,
                  "selected": undefined,
                }
              }
              accessibilityValue={
                {
                  "max": undefined,
                  "min": undefined,
                  "now": undefined,
                  "text": undefined,
                }
              }
              accessible={true}
              collapsable={false}
              focusable={true}
              onClick={[Function]}
              onResponderGrant={[Function]}
              onResponderMove={[Function]}
              onResponderRelease={[Function]}
              onResponderTerminate={[Function]}
              onResponderTerminationRequest={[Function]}
              onStartShouldSetResponder={[Function]}
              style={
                {
                  "backgroundColor": "#1DAC92",
                  "borderRadius": 100,
                  "opacity": 1,
                  "padding": 31,
                }
              }
            >
              <Text
                style={
                  [
                    {
                      "fontFamily": "Poppins_400Regular",
                    },
                    [
                      {
                        "color": "#FFFFFF",
                        "fontSize": 24,
                        "textAlign": "center",
                        "textTransform": "uppercase",
                      },
                    ],
                  ]
                }
              >
                Add Journal
              </Text>
            </View>
          </View>
          <View
            style={
              {
                "gap": 39,
              }
            }
          >
            <JournalCard
              date="January 01, 2021"
              description="This is a test description"
              imageUri="https://placehold.it/300x300"
              onButtonPress={[Function]}
              title="Test Journal"
            />
          </View>
        </View>
      </View>
    </RCTScrollView>
  </View>
</RCTSafeAreaView>
`;
